../USB_DEVICE/Target/usbd_conf.c:67:6:HAL_PCD_MspInit	184	static
../USB_DEVICE/Target/usbd_conf.c:111:6:HAL_PCD_MspDeInit	8	static
../USB_DEVICE/Target/usbd_conf.c:145:6:HAL_PCD_SetupStageCallback	0	static
../USB_DEVICE/Target/usbd_conf.c:160:6:HAL_PCD_DataOutStageCallback	0	static
../USB_DEVICE/Target/usbd_conf.c:175:6:HAL_PCD_DataInStageCallback	0	static
../USB_DEVICE/Target/usbd_conf.c:189:6:HAL_PCD_SOFCallback	0	static
../USB_DEVICE/Target/usbd_conf.c:203:6:HAL_PCD_ResetCallback	8	static
../USB_DEVICE/Target/usbd_conf.c:236:6:HAL_PCD_SuspendCallback	8	static
../USB_DEVICE/Target/usbd_conf.c:261:6:HAL_PCD_ResumeCallback	0	static
../USB_DEVICE/Target/usbd_conf.c:279:6:HAL_PCD_ISOOUTIncompleteCallback	0	static
../USB_DEVICE/Target/usbd_conf.c:294:6:HAL_PCD_ISOINIncompleteCallback	0	static
../USB_DEVICE/Target/usbd_conf.c:308:6:HAL_PCD_ConnectCallback	0	static
../USB_DEVICE/Target/usbd_conf.c:322:6:HAL_PCD_DisconnectCallback	0	static
../USB_DEVICE/Target/usbd_conf.c:337:20:USBD_LL_Init	8	static
../USB_DEVICE/Target/usbd_conf.c:531:9:USBD_LL_IsStallEP	0	static
../USB_DEVICE/Target/usbd_conf.c:609:10:USBD_LL_GetRxDataSize	0	static
../USB_DEVICE/Target/usbd_conf.c:620:6:HAL_PCDEx_LPM_Callback	8	static
../USB_DEVICE/Target/usbd_conf.c:655:6:USBD_LL_Delay	0	static
../USB_DEVICE/Target/usbd_conf.c:676:20:USBD_Get_USB_Status	0	static
../USB_DEVICE/Target/usbd_conf.c:387:20:USBD_LL_DeInit	8	static
../USB_DEVICE/Target/usbd_conf.c:404:20:USBD_LL_Start	8	static
../USB_DEVICE/Target/usbd_conf.c:421:20:USBD_LL_Stop	8	static
../USB_DEVICE/Target/usbd_conf.c:441:20:USBD_LL_OpenEP	8	static
../USB_DEVICE/Target/usbd_conf.c:459:20:USBD_LL_CloseEP	8	static
../USB_DEVICE/Target/usbd_conf.c:477:20:USBD_LL_FlushEP	8	static
../USB_DEVICE/Target/usbd_conf.c:495:20:USBD_LL_StallEP	8	static
../USB_DEVICE/Target/usbd_conf.c:513:20:USBD_LL_ClearStallEP	8	static
../USB_DEVICE/Target/usbd_conf.c:551:20:USBD_LL_SetUSBAddress	8	static
../USB_DEVICE/Target/usbd_conf.c:571:20:USBD_LL_Transmit	8	static
../USB_DEVICE/Target/usbd_conf.c:591:20:USBD_LL_PrepareReceive	8	static
