../Drivers/STM32F7xx_HAL_Driver/Src/stm32f7xx_hal_uart.c:3355:13:UART_EndRxTransfer	0	static,ignoring_inline_asm
../Drivers/STM32F7xx_HAL_Driver/Src/stm32f7xx_hal_uart.c:3758:13:UART_TxISR_8BIT.part.0	0	static,ignoring_inline_asm
../Drivers/STM32F7xx_HAL_Driver/Src/stm32f7xx_hal_uart.c:3758:13:UART_TxISR_8BIT	0	static
../Drivers/STM32F7xx_HAL_Driver/Src/stm32f7xx_hal_uart.c:3787:13:UART_TxISR_16BIT	0	static
../Drivers/STM32F7xx_HAL_Driver/Src/stm32f7xx_hal_uart.c:653:13:HAL_UART_MspInit	0	static
../Drivers/STM32F7xx_HAL_Driver/Src/stm32f7xx_hal_uart.c:668:13:HAL_UART_MspDeInit	0	static
../Drivers/STM32F7xx_HAL_Driver/Src/stm32f7xx_hal_uart.c:606:19:HAL_UART_DeInit	16	static
../Drivers/STM32F7xx_HAL_Driver/Src/stm32f7xx_hal_uart.c:1257:19:HAL_UART_Transmit_IT	0	static,ignoring_inline_asm
../Drivers/STM32F7xx_HAL_Driver/Src/stm32f7xx_hal_uart.c:1344:19:HAL_UART_Transmit_DMA	24	static,ignoring_inline_asm
../Drivers/STM32F7xx_HAL_Driver/Src/stm32f7xx_hal_uart.c:1447:19:HAL_UART_DMAPause	0	static,ignoring_inline_asm
../Drivers/STM32F7xx_HAL_Driver/Src/stm32f7xx_hal_uart.c:1477:19:HAL_UART_DMAResume	0	static,ignoring_inline_asm
../Drivers/STM32F7xx_HAL_Driver/Src/stm32f7xx_hal_uart.c:1508:19:HAL_UART_DMAStop	16	static,ignoring_inline_asm
../Drivers/STM32F7xx_HAL_Driver/Src/stm32f7xx_hal_uart.c:1583:19:HAL_UART_Abort	8	static,ignoring_inline_asm
../Drivers/STM32F7xx_HAL_Driver/Src/stm32f7xx_hal_uart.c:1680:19:HAL_UART_AbortTransmit	8	static,ignoring_inline_asm
../Drivers/STM32F7xx_HAL_Driver/Src/stm32f7xx_hal_uart.c:1733:19:HAL_UART_AbortReceive	8	static,ignoring_inline_asm
../Drivers/STM32F7xx_HAL_Driver/Src/stm32f7xx_hal_uart.c:2432:13:HAL_UART_TxCpltCallback	0	static
../Drivers/STM32F7xx_HAL_Driver/Src/stm32f7xx_hal_uart.c:3381:13:UART_DMATransmitCplt	8	static,ignoring_inline_asm
../Drivers/STM32F7xx_HAL_Driver/Src/stm32f7xx_hal_uart.c:2447:13:HAL_UART_TxHalfCpltCallback	0	static
../Drivers/STM32F7xx_HAL_Driver/Src/stm32f7xx_hal_uart.c:3415:13:UART_DMATxHalfCplt	8	static
../Drivers/STM32F7xx_HAL_Driver/Src/stm32f7xx_hal_uart.c:2462:13:HAL_UART_RxCpltCallback	0	static
../Drivers/STM32F7xx_HAL_Driver/Src/stm32f7xx_hal_uart.c:2477:13:HAL_UART_RxHalfCpltCallback	0	static
../Drivers/STM32F7xx_HAL_Driver/Src/stm32f7xx_hal_uart.c:2492:13:HAL_UART_ErrorCallback	0	static
../Drivers/STM32F7xx_HAL_Driver/Src/stm32f7xx_hal_uart.c:3532:13:UART_DMAError	8	static,ignoring_inline_asm
../Drivers/STM32F7xx_HAL_Driver/Src/stm32f7xx_hal_uart.c:3572:13:UART_DMAAbortOnError	8	static
../Drivers/STM32F7xx_HAL_Driver/Src/stm32f7xx_hal_uart.c:2507:13:HAL_UART_AbortCpltCallback	0	static
../Drivers/STM32F7xx_HAL_Driver/Src/stm32f7xx_hal_uart.c:1801:19:HAL_UART_Abort_IT	16	static,ignoring_inline_asm
../Drivers/STM32F7xx_HAL_Driver/Src/stm32f7xx_hal_uart.c:3645:13:UART_DMARxAbortCallback	8	static
../Drivers/STM32F7xx_HAL_Driver/Src/stm32f7xx_hal_uart.c:3595:13:UART_DMATxAbortCallback	8	static
../Drivers/STM32F7xx_HAL_Driver/Src/stm32f7xx_hal_uart.c:2522:13:HAL_UART_AbortTransmitCpltCallback	0	static
../Drivers/STM32F7xx_HAL_Driver/Src/stm32f7xx_hal_uart.c:1948:19:HAL_UART_AbortTransmit_IT	8	static,ignoring_inline_asm
../Drivers/STM32F7xx_HAL_Driver/Src/stm32f7xx_hal_uart.c:3697:13:UART_DMATxOnlyAbortCallback	8	static
../Drivers/STM32F7xx_HAL_Driver/Src/stm32f7xx_hal_uart.c:2537:13:HAL_UART_AbortReceiveCpltCallback	0	static
../Drivers/STM32F7xx_HAL_Driver/Src/stm32f7xx_hal_uart.c:2033:19:HAL_UART_AbortReceive_IT	8	static,ignoring_inline_asm
../Drivers/STM32F7xx_HAL_Driver/Src/stm32f7xx_hal_uart.c:3725:13:UART_DMARxOnlyAbortCallback	8	static
../Drivers/STM32F7xx_HAL_Driver/Src/stm32f7xx_hal_uart.c:2554:13:HAL_UARTEx_RxEventCallback	0	static
../Drivers/STM32F7xx_HAL_Driver/Src/stm32f7xx_hal_uart.c:2126:6:HAL_UART_IRQHandler	16	static,ignoring_inline_asm
../Drivers/STM32F7xx_HAL_Driver/Src/stm32f7xx_hal_uart.c:3844:13:UART_RxISR_8BIT	8	static,ignoring_inline_asm
../Drivers/STM32F7xx_HAL_Driver/Src/stm32f7xx_hal_uart.c:3925:13:UART_RxISR_16BIT	8	static,ignoring_inline_asm
../Drivers/STM32F7xx_HAL_Driver/Src/stm32f7xx_hal_uart.c:3494:13:UART_DMARxHalfCplt	8	static
../Drivers/STM32F7xx_HAL_Driver/Src/stm32f7xx_hal_uart.c:3433:13:UART_DMAReceiveCplt	8	static,ignoring_inline_asm
../Drivers/STM32F7xx_HAL_Driver/Src/stm32f7xx_hal_uart.c:2619:6:HAL_UART_ReceiverTimeout_Config	0	static
../Drivers/STM32F7xx_HAL_Driver/Src/stm32f7xx_hal_uart.c:2631:19:HAL_UART_EnableReceiverTimeout	0	static
../Drivers/STM32F7xx_HAL_Driver/Src/stm32f7xx_hal_uart.c:2662:19:HAL_UART_DisableReceiverTimeout	0	static
../Drivers/STM32F7xx_HAL_Driver/Src/stm32f7xx_hal_uart.c:2733:6:HAL_MultiProcessor_EnterMuteMode	0	static
../Drivers/STM32F7xx_HAL_Driver/Src/stm32f7xx_hal_uart.c:2743:19:HAL_HalfDuplex_EnableTransmitter	8	static,ignoring_inline_asm
../Drivers/STM32F7xx_HAL_Driver/Src/stm32f7xx_hal_uart.c:2766:19:HAL_HalfDuplex_EnableReceiver	8	static,ignoring_inline_asm
../Drivers/STM32F7xx_HAL_Driver/Src/stm32f7xx_hal_uart.c:2790:19:HAL_LIN_SendBreak	0	static
../Drivers/STM32F7xx_HAL_Driver/Src/stm32f7xx_hal_uart.c:2835:23:HAL_UART_GetState	0	static
../Drivers/STM32F7xx_HAL_Driver/Src/stm32f7xx_hal_uart.c:2851:10:HAL_UART_GetError	0	static
../Drivers/STM32F7xx_HAL_Driver/Src/stm32f7xx_hal_uart.c:2899:19:UART_SetConfig	16	static
../Drivers/STM32F7xx_HAL_Driver/Src/stm32f7xx_hal_uart.c:3043:6:UART_AdvFeatureConfig	8	static
../Drivers/STM32F7xx_HAL_Driver/Src/stm32f7xx_hal_uart.c:3172:19:UART_WaitOnFlagUntilTimeout	24	static,ignoring_inline_asm
../Drivers/STM32F7xx_HAL_Driver/Src/stm32f7xx_hal_uart.c:1094:19:HAL_UART_Transmit	40	static
../Drivers/STM32F7xx_HAL_Driver/Src/stm32f7xx_hal_uart.c:1175:19:HAL_UART_Receive	40	static
../Drivers/STM32F7xx_HAL_Driver/Src/stm32f7xx_hal_uart.c:3117:19:UART_CheckIdleState	24	static
../Drivers/STM32F7xx_HAL_Driver/Src/stm32f7xx_hal_uart.c:289:19:HAL_UART_Init	8	static
../Drivers/STM32F7xx_HAL_Driver/Src/stm32f7xx_hal_uart.c:362:19:HAL_HalfDuplex_Init	8	static
../Drivers/STM32F7xx_HAL_Driver/Src/stm32f7xx_hal_uart.c:435:19:HAL_LIN_Init	16	static
../Drivers/STM32F7xx_HAL_Driver/Src/stm32f7xx_hal_uart.c:532:19:HAL_MultiProcessor_Init	16	static
../Drivers/STM32F7xx_HAL_Driver/Src/stm32f7xx_hal_uart.c:2693:19:HAL_MultiProcessor_EnableMuteMode	0	static,ignoring_inline_asm
../Drivers/STM32F7xx_HAL_Driver/Src/stm32f7xx_hal_uart.c:2713:19:HAL_MultiProcessor_DisableMuteMode	0	static,ignoring_inline_asm
../Drivers/STM32F7xx_HAL_Driver/Src/stm32f7xx_hal_uart.c:3234:19:UART_Start_Receive_IT	8	static,ignoring_inline_asm
../Drivers/STM32F7xx_HAL_Driver/Src/stm32f7xx_hal_uart.c:1306:19:HAL_UART_Receive_IT	8	static,ignoring_inline_asm
../Drivers/STM32F7xx_HAL_Driver/Src/stm32f7xx_hal_uart.c:3283:19:UART_Start_Receive_DMA	16	static,ignoring_inline_asm
../Drivers/STM32F7xx_HAL_Driver/Src/stm32f7xx_hal_uart.c:1414:19:HAL_UART_Receive_DMA	8	static,ignoring_inline_asm
