../Drivers/STM32F7xx_HAL_Driver/Src/stm32f7xx_hal_sdram.c:247:13:HAL_SDRAM_MspInit	0	static
../Drivers/STM32F7xx_HAL_Driver/Src/stm32f7xx_hal_sdram.c:165:19:HAL_SDRAM_Init	16	static
../Drivers/STM32F7xx_HAL_Driver/Src/stm32f7xx_hal_sdram.c:263:13:HAL_SDRAM_MspDeInit	0	static
../Drivers/STM32F7xx_HAL_Driver/Src/stm32f7xx_hal_sdram.c:214:19:HAL_SDRAM_DeInit	8	static
../Drivers/STM32F7xx_HAL_Driver/Src/stm32f7xx_hal_sdram.c:302:13:HAL_SDRAM_RefreshErrorCallback	0	static
../Drivers/STM32F7xx_HAL_Driver/Src/stm32f7xx_hal_sdram.c:279:6:HAL_SDRAM_IRQHandler	8	static
../Drivers/STM32F7xx_HAL_Driver/Src/stm32f7xx_hal_sdram.c:318:13:HAL_SDRAM_DMA_XferCpltCallback	0	static
../Drivers/STM32F7xx_HAL_Driver/Src/stm32f7xx_hal_sdram.c:1258:13:SDRAM_DMACpltProt	8	static
../Drivers/STM32F7xx_HAL_Driver/Src/stm32f7xx_hal_sdram.c:1236:13:SDRAM_DMACplt	8	static
../Drivers/STM32F7xx_HAL_Driver/Src/stm32f7xx_hal_sdram.c:333:13:HAL_SDRAM_DMA_XferErrorCallback	0	static
../Drivers/STM32F7xx_HAL_Driver/Src/stm32f7xx_hal_sdram.c:1280:13:SDRAM_DMAError	8	static
../Drivers/STM32F7xx_HAL_Driver/Src/stm32f7xx_hal_sdram.c:370:19:HAL_SDRAM_Read_8b	16	static
../Drivers/STM32F7xx_HAL_Driver/Src/stm32f7xx_hal_sdram.c:422:19:HAL_SDRAM_Write_8b	16	static
../Drivers/STM32F7xx_HAL_Driver/Src/stm32f7xx_hal_sdram.c:473:19:HAL_SDRAM_Read_16b	20	static
../Drivers/STM32F7xx_HAL_Driver/Src/stm32f7xx_hal_sdram.c:533:19:HAL_SDRAM_Write_16b	20	static
../Drivers/STM32F7xx_HAL_Driver/Src/stm32f7xx_hal_sdram.c:592:19:HAL_SDRAM_Read_32b	12	static
../Drivers/STM32F7xx_HAL_Driver/Src/stm32f7xx_hal_sdram.c:644:19:HAL_SDRAM_Write_32b	12	static
../Drivers/STM32F7xx_HAL_Driver/Src/stm32f7xx_hal_sdram.c:695:19:HAL_SDRAM_Read_DMA	16	static
../Drivers/STM32F7xx_HAL_Driver/Src/stm32f7xx_hal_sdram.c:748:19:HAL_SDRAM_Write_DMA	16	static
../Drivers/STM32F7xx_HAL_Driver/Src/stm32f7xx_hal_sdram.c:1011:19:HAL_SDRAM_WriteProtection_Enable	8	static
../Drivers/STM32F7xx_HAL_Driver/Src/stm32f7xx_hal_sdram.c:1043:19:HAL_SDRAM_WriteProtection_Disable	8	static
../Drivers/STM32F7xx_HAL_Driver/Src/stm32f7xx_hal_sdram.c:1079:19:HAL_SDRAM_SendCommand	16	static
../Drivers/STM32F7xx_HAL_Driver/Src/stm32f7xx_hal_sdram.c:1122:19:HAL_SDRAM_ProgramRefreshRate	16	static
../Drivers/STM32F7xx_HAL_Driver/Src/stm32f7xx_hal_sdram.c:1155:19:HAL_SDRAM_SetAutoRefreshNumber	16	static
../Drivers/STM32F7xx_HAL_Driver/Src/stm32f7xx_hal_sdram.c:1187:10:HAL_SDRAM_GetModeStatus	0	static
../Drivers/STM32F7xx_HAL_Driver/Src/stm32f7xx_hal_sdram.c:1218:24:HAL_SDRAM_GetState	0	static
