../Drivers/STM32F7xx_HAL_Driver/Src/stm32f7xx_ll_usb.c:1504:26:USB_CoreReset	8	static
../Drivers/STM32F7xx_HAL_Driver/Src/stm32f7xx_ll_usb.c:86:19:USB_CoreInit	16	static
../Drivers/STM32F7xx_HAL_Driver/Src/stm32f7xx_ll_usb.c:173:19:USB_SetTurnaroundTime	0	static
../Drivers/STM32F7xx_HAL_Driver/Src/stm32f7xx_ll_usb.c:256:19:USB_EnableGlobalInt	0	static
../Drivers/STM32F7xx_HAL_Driver/Src/stm32f7xx_ll_usb.c:268:19:USB_DisableGlobalInt	0	static
../Drivers/STM32F7xx_HAL_Driver/Src/stm32f7xx_ll_usb.c:283:19:USB_SetCurrentMode	16	static
../Drivers/STM32F7xx_HAL_Driver/Src/stm32f7xx_ll_usb.c:500:19:USB_FlushTxFifo	8	static
../Drivers/STM32F7xx_HAL_Driver/Src/stm32f7xx_ll_usb.c:537:19:USB_FlushRxFifo	8	static
../Drivers/STM32F7xx_HAL_Driver/Src/stm32f7xx_ll_usb.c:580:19:USB_SetDevSpeed	0	static
../Drivers/STM32F7xx_HAL_Driver/Src/stm32f7xx_ll_usb.c:330:19:USB_DevInit	32	static
../Drivers/STM32F7xx_HAL_Driver/Src/stm32f7xx_ll_usb.c:596:9:USB_GetDevSpeed	0	static
../Drivers/STM32F7xx_HAL_Driver/Src/stm32f7xx_ll_usb.c:625:19:USB_ActivateEndpoint	12	static
../Drivers/STM32F7xx_HAL_Driver/Src/stm32f7xx_ll_usb.c:663:19:USB_ActivateDedicatedEndpoint	20	static
../Drivers/STM32F7xx_HAL_Driver/Src/stm32f7xx_ll_usb.c:702:19:USB_DeactivateEndpoint	8	static
../Drivers/STM32F7xx_HAL_Driver/Src/stm32f7xx_ll_usb.c:749:19:USB_DeactivateDedicatedEndpoint	0	static
../Drivers/STM32F7xx_HAL_Driver/Src/stm32f7xx_ll_usb.c:937:19:USB_EP0StartXfer	20	static
../Drivers/STM32F7xx_HAL_Driver/Src/stm32f7xx_ll_usb.c:1034:19:USB_EPStopXfer	8	static
../Drivers/STM32F7xx_HAL_Driver/Src/stm32f7xx_ll_usb.c:1098:19:USB_WritePacket	8	static
../Drivers/STM32F7xx_HAL_Driver/Src/stm32f7xx_ll_usb.c:791:19:USB_EPStartXfer	32	static
../Drivers/STM32F7xx_HAL_Driver/Src/stm32f7xx_ll_usb.c:1129:7:USB_ReadPacket	16	static
../Drivers/STM32F7xx_HAL_Driver/Src/stm32f7xx_ll_usb.c:1171:19:USB_EPSetStall	0	static
../Drivers/STM32F7xx_HAL_Driver/Src/stm32f7xx_ll_usb.c:1202:19:USB_EPClearStall	0	static
../Drivers/STM32F7xx_HAL_Driver/Src/stm32f7xx_ll_usb.c:1231:19:USB_StopDevice	8	static
../Drivers/STM32F7xx_HAL_Driver/Src/stm32f7xx_ll_usb.c:1272:19:USB_SetDevAddress	0	static
../Drivers/STM32F7xx_HAL_Driver/Src/stm32f7xx_ll_usb.c:1287:19:USB_DevConnect	0	static
../Drivers/STM32F7xx_HAL_Driver/Src/stm32f7xx_ll_usb.c:1304:19:USB_DevDisconnect	0	static
../Drivers/STM32F7xx_HAL_Driver/Src/stm32f7xx_ll_usb.c:1321:10:USB_ReadInterrupts	0	static
../Drivers/STM32F7xx_HAL_Driver/Src/stm32f7xx_ll_usb.c:1337:10:USB_ReadChInterrupts	0	static
../Drivers/STM32F7xx_HAL_Driver/Src/stm32f7xx_ll_usb.c:1353:10:USB_ReadDevAllOutEpInterrupt	0	static
../Drivers/STM32F7xx_HAL_Driver/Src/stm32f7xx_ll_usb.c:1369:10:USB_ReadDevAllInEpInterrupt	0	static
../Drivers/STM32F7xx_HAL_Driver/Src/stm32f7xx_ll_usb.c:1387:10:USB_ReadDevOutEPInterrupt	0	static
../Drivers/STM32F7xx_HAL_Driver/Src/stm32f7xx_ll_usb.c:1405:10:USB_ReadDevInEPInterrupt	8	static
../Drivers/STM32F7xx_HAL_Driver/Src/stm32f7xx_ll_usb.c:1426:7:USB_ClearInterrupts	0	static
../Drivers/STM32F7xx_HAL_Driver/Src/stm32f7xx_ll_usb.c:1439:10:USB_GetMode	0	static
../Drivers/STM32F7xx_HAL_Driver/Src/stm32f7xx_ll_usb.c:1449:19:USB_ActivateSetup	0	static
../Drivers/STM32F7xx_HAL_Driver/Src/stm32f7xx_ll_usb.c:1471:19:USB_EP0_OutStart	12	static
../Drivers/STM32F7xx_HAL_Driver/Src/stm32f7xx_ll_usb.c:1614:19:USB_HostInit	16	static
../Drivers/STM32F7xx_HAL_Driver/Src/stm32f7xx_ll_usb.c:1708:19:USB_InitFSLSPClkSel	8	static
../Drivers/STM32F7xx_HAL_Driver/Src/stm32f7xx_ll_usb.c:1738:19:USB_ResetPort	24	static
../Drivers/STM32F7xx_HAL_Driver/Src/stm32f7xx_ll_usb.c:1765:19:USB_DriveVbus	8	static
../Drivers/STM32F7xx_HAL_Driver/Src/stm32f7xx_ll_usb.c:1795:10:USB_GetHostSpeed	8	static
../Drivers/STM32F7xx_HAL_Driver/Src/stm32f7xx_ll_usb.c:1809:10:USB_GetCurrentFrame	0	static
../Drivers/STM32F7xx_HAL_Driver/Src/stm32f7xx_ll_usb.c:1840:19:USB_HC_Init	24	static
../Drivers/STM32F7xx_HAL_Driver/Src/stm32f7xx_ll_usb.c:2105:10:USB_HC_ReadInterrupt	0	static
../Drivers/STM32F7xx_HAL_Driver/Src/stm32f7xx_ll_usb.c:2119:19:USB_HC_Halt	24	static
../Drivers/STM32F7xx_HAL_Driver/Src/stm32f7xx_ll_usb.c:2194:19:USB_DoPing	0	static
../Drivers/STM32F7xx_HAL_Driver/Src/stm32f7xx_ll_usb.c:1966:19:USB_HC_StartXfer	40	static
../Drivers/STM32F7xx_HAL_Driver/Src/stm32f7xx_ll_usb.c:2218:19:USB_StopHost	24	static
../Drivers/STM32F7xx_HAL_Driver/Src/stm32f7xx_ll_usb.c:2283:19:USB_ActivateRemoteWakeup	0	static
../Drivers/STM32F7xx_HAL_Driver/Src/stm32f7xx_ll_usb.c:2301:19:USB_DeActivateRemoteWakeup	0	static
