../Drivers/STM32F7xx_HAL_Driver/Src/stm32f7xx_hal_i2c.c:6416:13:I2C_Flush_TXDR	0	static
../Drivers/STM32F7xx_HAL_Driver/Src/stm32f7xx_hal_i2c.c:6979:13:I2C_TransferConfig	12	static
../Drivers/STM32F7xx_HAL_Driver/Src/stm32f7xx_hal_i2c.c:7006:13:I2C_Enable_IRQ	8	static
../Drivers/STM32F7xx_HAL_Driver/Src/stm32f7xx_hal_i2c.c:7083:13:I2C_Disable_IRQ	0	static
../Drivers/STM32F7xx_HAL_Driver/Src/stm32f7xx_hal_i2c.c:6838:26:I2C_IsErrorOccurred	24	static
../Drivers/STM32F7xx_HAL_Driver/Src/stm32f7xx_hal_i2c.c:6692:26:I2C_WaitOnTXISFlagUntilTimeout	16	static
../Drivers/STM32F7xx_HAL_Driver/Src/stm32f7xx_hal_i2c.c:6765:26:I2C_WaitOnRXNEFlagUntilTimeout	16	static
../Drivers/STM32F7xx_HAL_Driver/Src/stm32f7xx_hal_i2c.c:7146:13:I2C_ConvertOtherXferOptions	0	static
../Drivers/STM32F7xx_HAL_Driver/Src/stm32f7xx_hal_i2c.c:6661:26:I2C_WaitOnFlagUntilTimeout	24	static
../Drivers/STM32F7xx_HAL_Driver/Src/stm32f7xx_hal_i2c.c:6730:26:I2C_WaitOnSTOPFlagUntilTimeout	16	static
../Drivers/STM32F7xx_HAL_Driver/Src/stm32f7xx_hal_i2c.c:684:13:HAL_I2C_MspInit	0	static
../Drivers/STM32F7xx_HAL_Driver/Src/stm32f7xx_hal_i2c.c:528:19:HAL_I2C_Init	8	static
../Drivers/STM32F7xx_HAL_Driver/Src/stm32f7xx_hal_i2c.c:700:13:HAL_I2C_MspDeInit	0	static
../Drivers/STM32F7xx_HAL_Driver/Src/stm32f7xx_hal_i2c.c:638:19:HAL_I2C_DeInit	8	static
../Drivers/STM32F7xx_HAL_Driver/Src/stm32f7xx_hal_i2c.c:1107:19:HAL_I2C_Master_Transmit	40	static
../Drivers/STM32F7xx_HAL_Driver/Src/stm32f7xx_hal_i2c.c:1226:19:HAL_I2C_Master_Receive	40	static
../Drivers/STM32F7xx_HAL_Driver/Src/stm32f7xx_hal_i2c.c:1344:19:HAL_I2C_Slave_Transmit	40	static
../Drivers/STM32F7xx_HAL_Driver/Src/stm32f7xx_hal_i2c.c:1487:19:HAL_I2C_Slave_Receive	40	static
../Drivers/STM32F7xx_HAL_Driver/Src/stm32f7xx_hal_i2c.c:1617:19:HAL_I2C_Master_Transmit_IT	24	static
../Drivers/STM32F7xx_HAL_Driver/Src/stm32f7xx_hal_i2c.c:1688:19:HAL_I2C_Master_Receive_IT	24	static
../Drivers/STM32F7xx_HAL_Driver/Src/stm32f7xx_hal_i2c.c:1757:19:HAL_I2C_Slave_Transmit_IT	16	static
../Drivers/STM32F7xx_HAL_Driver/Src/stm32f7xx_hal_i2c.c:1807:19:HAL_I2C_Slave_Receive_IT	16	static
../Drivers/STM32F7xx_HAL_Driver/Src/stm32f7xx_hal_i2c.c:1859:19:HAL_I2C_Master_Transmit_DMA	32	static
../Drivers/STM32F7xx_HAL_Driver/Src/stm32f7xx_hal_i2c.c:2006:19:HAL_I2C_Master_Receive_DMA	32	static
../Drivers/STM32F7xx_HAL_Driver/Src/stm32f7xx_hal_i2c.c:2151:19:HAL_I2C_Slave_Transmit_DMA	24	static
../Drivers/STM32F7xx_HAL_Driver/Src/stm32f7xx_hal_i2c.c:2255:19:HAL_I2C_Slave_Receive_DMA	24	static
../Drivers/STM32F7xx_HAL_Driver/Src/stm32f7xx_hal_i2c.c:2363:19:HAL_I2C_Mem_Write	48	static
../Drivers/STM32F7xx_HAL_Driver/Src/stm32f7xx_hal_i2c.c:2500:19:HAL_I2C_Mem_Read	48	static
../Drivers/STM32F7xx_HAL_Driver/Src/stm32f7xx_hal_i2c.c:2637:19:HAL_I2C_Mem_Write_IT	32	static
../Drivers/STM32F7xx_HAL_Driver/Src/stm32f7xx_hal_i2c.c:2724:19:HAL_I2C_Mem_Read_IT	32	static
../Drivers/STM32F7xx_HAL_Driver/Src/stm32f7xx_hal_i2c.c:2810:19:HAL_I2C_Mem_Write_DMA	32	static
../Drivers/STM32F7xx_HAL_Driver/Src/stm32f7xx_hal_i2c.c:2956:19:HAL_I2C_Mem_Read_DMA	32	static
../Drivers/STM32F7xx_HAL_Driver/Src/stm32f7xx_hal_i2c.c:3101:19:HAL_I2C_IsDeviceReady	56	static
../Drivers/STM32F7xx_HAL_Driver/Src/stm32f7xx_hal_i2c.c:3243:19:HAL_I2C_Master_Seq_Transmit_IT	24	static
../Drivers/STM32F7xx_HAL_Driver/Src/stm32f7xx_hal_i2c.c:3334:19:HAL_I2C_Master_Seq_Transmit_DMA	40	static
../Drivers/STM32F7xx_HAL_Driver/Src/stm32f7xx_hal_i2c.c:3502:19:HAL_I2C_Master_Seq_Receive_IT	24	static
../Drivers/STM32F7xx_HAL_Driver/Src/stm32f7xx_hal_i2c.c:3589:19:HAL_I2C_Master_Seq_Receive_DMA	40	static
../Drivers/STM32F7xx_HAL_Driver/Src/stm32f7xx_hal_i2c.c:3755:19:HAL_I2C_Slave_Seq_Transmit_IT	24	static
../Drivers/STM32F7xx_HAL_Driver/Src/stm32f7xx_hal_i2c.c:3855:19:HAL_I2C_Slave_Seq_Transmit_DMA	24	static
../Drivers/STM32F7xx_HAL_Driver/Src/stm32f7xx_hal_i2c.c:4039:19:HAL_I2C_Slave_Seq_Receive_IT	24	static
../Drivers/STM32F7xx_HAL_Driver/Src/stm32f7xx_hal_i2c.c:4139:19:HAL_I2C_Slave_Seq_Receive_DMA	24	static
../Drivers/STM32F7xx_HAL_Driver/Src/stm32f7xx_hal_i2c.c:4319:19:HAL_I2C_EnableListen_IT	8	static
../Drivers/STM32F7xx_HAL_Driver/Src/stm32f7xx_hal_i2c.c:4343:19:HAL_I2C_DisableListen_IT	8	static
../Drivers/STM32F7xx_HAL_Driver/Src/stm32f7xx_hal_i2c.c:4376:19:HAL_I2C_Master_Abort_IT	24	static
../Drivers/STM32F7xx_HAL_Driver/Src/stm32f7xx_hal_i2c.c:4438:6:HAL_I2C_EV_IRQHandler	0	static
../Drivers/STM32F7xx_HAL_Driver/Src/stm32f7xx_hal_i2c.c:4509:13:HAL_I2C_MasterTxCpltCallback	0	static
../Drivers/STM32F7xx_HAL_Driver/Src/stm32f7xx_hal_i2c.c:4525:13:HAL_I2C_MasterRxCpltCallback	0	static
../Drivers/STM32F7xx_HAL_Driver/Src/stm32f7xx_hal_i2c.c:5786:13:I2C_ITMasterSeqCplt	16	static
../Drivers/STM32F7xx_HAL_Driver/Src/stm32f7xx_hal_i2c.c:4540:13:HAL_I2C_SlaveTxCpltCallback	0	static
../Drivers/STM32F7xx_HAL_Driver/Src/stm32f7xx_hal_i2c.c:4556:13:HAL_I2C_SlaveRxCpltCallback	0	static
../Drivers/STM32F7xx_HAL_Driver/Src/stm32f7xx_hal_i2c.c:5839:13:I2C_ITSlaveSeqCplt	8	static
../Drivers/STM32F7xx_HAL_Driver/Src/stm32f7xx_hal_i2c.c:6487:13:I2C_DMASlaveTransmitCplt	0	static
../Drivers/STM32F7xx_HAL_Driver/Src/stm32f7xx_hal_i2c.c:6565:13:I2C_DMASlaveReceiveCplt	0	static
../Drivers/STM32F7xx_HAL_Driver/Src/stm32f7xx_hal_i2c.c:4574:13:HAL_I2C_AddrCallback	0	static
../Drivers/STM32F7xx_HAL_Driver/Src/stm32f7xx_hal_i2c.c:5691:13:I2C_ITAddrCplt.constprop	24	static
../Drivers/STM32F7xx_HAL_Driver/Src/stm32f7xx_hal_i2c.c:4592:13:HAL_I2C_ListenCpltCallback	0	static
../Drivers/STM32F7xx_HAL_Driver/Src/stm32f7xx_hal_i2c.c:6215:13:I2C_ITListenCplt	8	static
../Drivers/STM32F7xx_HAL_Driver/Src/stm32f7xx_hal_i2c.c:4608:13:HAL_I2C_MemTxCpltCallback	0	static
../Drivers/STM32F7xx_HAL_Driver/Src/stm32f7xx_hal_i2c.c:4624:13:HAL_I2C_MemRxCpltCallback	0	static
../Drivers/STM32F7xx_HAL_Driver/Src/stm32f7xx_hal_i2c.c:4640:13:HAL_I2C_ErrorCallback	0	static
../Drivers/STM32F7xx_HAL_Driver/Src/stm32f7xx_hal_i2c.c:4656:13:HAL_I2C_AbortCpltCallback	0	static
../Drivers/STM32F7xx_HAL_Driver/Src/stm32f7xx_hal_i2c.c:6378:13:I2C_TreatErrorCallback	8	static
../Drivers/STM32F7xx_HAL_Driver/Src/stm32f7xx_hal_i2c.c:6266:13:I2C_ITError	16	static
../Drivers/STM32F7xx_HAL_Driver/Src/stm32f7xx_hal_i2c.c:6056:13:I2C_ITSlaveCplt	24	static
../Drivers/STM32F7xx_HAL_Driver/Src/stm32f7xx_hal_i2c.c:5022:26:I2C_Slave_ISR_IT	24	static
../Drivers/STM32F7xx_HAL_Driver/Src/stm32f7xx_hal_i2c.c:5913:13:I2C_ITMasterCplt	24	static
../Drivers/STM32F7xx_HAL_Driver/Src/stm32f7xx_hal_i2c.c:4739:26:I2C_Master_ISR_IT	24	static
../Drivers/STM32F7xx_HAL_Driver/Src/stm32f7xx_hal_i2c.c:5442:26:I2C_Slave_ISR_DMA	24	static
../Drivers/STM32F7xx_HAL_Driver/Src/stm32f7xx_hal_i2c.c:5163:26:I2C_Master_ISR_DMA	16	static
../Drivers/STM32F7xx_HAL_Driver/Src/stm32f7xx_hal_i2c.c:6593:13:I2C_DMAError	16	static
../Drivers/STM32F7xx_HAL_Driver/Src/stm32f7xx_hal_i2c.c:6437:13:I2C_DMAMasterTransmitCplt	8	static
../Drivers/STM32F7xx_HAL_Driver/Src/stm32f7xx_hal_i2c.c:6515:13:I2C_DMAMasterReceiveCplt	8	static
../Drivers/STM32F7xx_HAL_Driver/Src/stm32f7xx_hal_i2c.c:4885:26:I2C_Mem_ISR_IT	24	static
../Drivers/STM32F7xx_HAL_Driver/Src/stm32f7xx_hal_i2c.c:5303:26:I2C_Mem_ISR_DMA	16	static
../Drivers/STM32F7xx_HAL_Driver/Src/stm32f7xx_hal_i2c.c:4457:6:HAL_I2C_ER_IRQHandler	4	static
../Drivers/STM32F7xx_HAL_Driver/Src/stm32f7xx_hal_i2c.c:6632:13:I2C_DMAAbort	0	static
../Drivers/STM32F7xx_HAL_Driver/Src/stm32f7xx_hal_i2c.c:4691:22:HAL_I2C_GetState	0	static
../Drivers/STM32F7xx_HAL_Driver/Src/stm32f7xx_hal_i2c.c:4703:21:HAL_I2C_GetMode	0	static
../Drivers/STM32F7xx_HAL_Driver/Src/stm32f7xx_hal_i2c.c:4714:10:HAL_I2C_GetError	0	static
