../Drivers/STM32F7xx_HAL_Driver/Src/stm32f7xx_hal_ltdc.c:2126:13:LTDC_SetConfig	28	static
../Drivers/STM32F7xx_HAL_Driver/Src/stm32f7xx_hal_ltdc.c:393:13:HAL_LTDC_MspInit	0	static
../Drivers/STM32F7xx_HAL_Driver/Src/stm32f7xx_hal_ltdc.c:213:19:HAL_LTDC_Init	16	static
../Drivers/STM32F7xx_HAL_Driver/Src/stm32f7xx_hal_ltdc.c:409:13:HAL_LTDC_MspDeInit	0	static
../Drivers/STM32F7xx_HAL_Driver/Src/stm32f7xx_hal_ltdc.c:323:19:HAL_LTDC_DeInit	16	static
../Drivers/STM32F7xx_HAL_Driver/Src/stm32f7xx_hal_ltdc.c:743:13:HAL_LTDC_ErrorCallback	0	static
../Drivers/STM32F7xx_HAL_Driver/Src/stm32f7xx_hal_ltdc.c:759:13:HAL_LTDC_LineEventCallback	0	static
../Drivers/STM32F7xx_HAL_Driver/Src/stm32f7xx_hal_ltdc.c:775:13:HAL_LTDC_ReloadEventCallback	0	static
../Drivers/STM32F7xx_HAL_Driver/Src/stm32f7xx_hal_ltdc.c:625:6:HAL_LTDC_IRQHandler	16	static
../Drivers/STM32F7xx_HAL_Driver/Src/stm32f7xx_hal_ltdc.c:825:19:HAL_LTDC_ConfigLayer	24	static
../Drivers/STM32F7xx_HAL_Driver/Src/stm32f7xx_hal_ltdc.c:875:19:HAL_LTDC_ConfigColorKeying	8	static
../Drivers/STM32F7xx_HAL_Driver/Src/stm32f7xx_hal_ltdc.c:913:19:HAL_LTDC_ConfigCLUT	20	static
../Drivers/STM32F7xx_HAL_Driver/Src/stm32f7xx_hal_ltdc.c:964:19:HAL_LTDC_EnableColorKeying	0	static
../Drivers/STM32F7xx_HAL_Driver/Src/stm32f7xx_hal_ltdc.c:999:19:HAL_LTDC_DisableColorKeying	0	static
../Drivers/STM32F7xx_HAL_Driver/Src/stm32f7xx_hal_ltdc.c:1034:19:HAL_LTDC_EnableCLUT	0	static
../Drivers/STM32F7xx_HAL_Driver/Src/stm32f7xx_hal_ltdc.c:1069:19:HAL_LTDC_DisableCLUT	0	static
../Drivers/STM32F7xx_HAL_Driver/Src/stm32f7xx_hal_ltdc.c:1102:19:HAL_LTDC_EnableDither	0	static
../Drivers/STM32F7xx_HAL_Driver/Src/stm32f7xx_hal_ltdc.c:1129:19:HAL_LTDC_DisableDither	0	static
../Drivers/STM32F7xx_HAL_Driver/Src/stm32f7xx_hal_ltdc.c:1160:19:HAL_LTDC_SetWindowSize	24	static
../Drivers/STM32F7xx_HAL_Driver/Src/stm32f7xx_hal_ltdc.c:1216:19:HAL_LTDC_SetWindowPosition	24	static
../Drivers/STM32F7xx_HAL_Driver/Src/stm32f7xx_hal_ltdc.c:1267:19:HAL_LTDC_SetPixelFormat	16	static
../Drivers/STM32F7xx_HAL_Driver/Src/stm32f7xx_hal_ltdc.c:1312:19:HAL_LTDC_SetAlpha	16	static
../Drivers/STM32F7xx_HAL_Driver/Src/stm32f7xx_hal_ltdc.c:1356:19:HAL_LTDC_SetAddress	16	static
../Drivers/STM32F7xx_HAL_Driver/Src/stm32f7xx_hal_ltdc.c:1405:19:HAL_LTDC_SetPitch	12	static
../Drivers/STM32F7xx_HAL_Driver/Src/stm32f7xx_hal_ltdc.c:1474:19:HAL_LTDC_ProgramLineEvent	0	static
../Drivers/STM32F7xx_HAL_Driver/Src/stm32f7xx_hal_ltdc.c:1513:20:HAL_LTDC_Reload	0	static
../Drivers/STM32F7xx_HAL_Driver/Src/stm32f7xx_hal_ltdc.c:1552:19:HAL_LTDC_ConfigLayer_NoReload	24	static
../Drivers/STM32F7xx_HAL_Driver/Src/stm32f7xx_hal_ltdc.c:1602:19:HAL_LTDC_SetWindowSize_NoReload	24	static
../Drivers/STM32F7xx_HAL_Driver/Src/stm32f7xx_hal_ltdc.c:1657:19:HAL_LTDC_SetWindowPosition_NoReload	24	static
../Drivers/STM32F7xx_HAL_Driver/Src/stm32f7xx_hal_ltdc.c:1707:19:HAL_LTDC_SetPixelFormat_NoReload	16	static
../Drivers/STM32F7xx_HAL_Driver/Src/stm32f7xx_hal_ltdc.c:1750:19:HAL_LTDC_SetAlpha_NoReload	16	static
../Drivers/STM32F7xx_HAL_Driver/Src/stm32f7xx_hal_ltdc.c:1793:19:HAL_LTDC_SetAddress_NoReload	16	static
../Drivers/STM32F7xx_HAL_Driver/Src/stm32f7xx_hal_ltdc.c:1840:19:HAL_LTDC_SetPitch_NoReload	12	static
../Drivers/STM32F7xx_HAL_Driver/Src/stm32f7xx_hal_ltdc.c:1907:19:HAL_LTDC_ConfigColorKeying_NoReload	0	static
../Drivers/STM32F7xx_HAL_Driver/Src/stm32f7xx_hal_ltdc.c:1941:19:HAL_LTDC_EnableColorKeying_NoReload	0	static
../Drivers/STM32F7xx_HAL_Driver/Src/stm32f7xx_hal_ltdc.c:1974:19:HAL_LTDC_DisableColorKeying_NoReload	0	static
../Drivers/STM32F7xx_HAL_Driver/Src/stm32f7xx_hal_ltdc.c:2007:19:HAL_LTDC_EnableCLUT_NoReload	0	static
../Drivers/STM32F7xx_HAL_Driver/Src/stm32f7xx_hal_ltdc.c:2040:19:HAL_LTDC_DisableCLUT_NoReload	0	static
../Drivers/STM32F7xx_HAL_Driver/Src/stm32f7xx_hal_ltdc.c:2089:23:HAL_LTDC_GetState	0	static
../Drivers/STM32F7xx_HAL_Driver/Src/stm32f7xx_hal_ltdc.c:2100:10:HAL_LTDC_GetError	0	static
