../Drivers/STM32F7xx_HAL_Driver/Src/stm32f7xx_hal_pcd.c:281:13:HAL_PCD_MspInit	0	static
../Drivers/STM32F7xx_HAL_Driver/Src/stm32f7xx_hal_pcd.c:123:19:HAL_PCD_Init	64	static
../Drivers/STM32F7xx_HAL_Driver/Src/stm32f7xx_hal_pcd.c:296:13:HAL_PCD_MspDeInit	0	static
../Drivers/STM32F7xx_HAL_Driver/Src/stm32f7xx_hal_pcd.c:242:19:HAL_PCD_DeInit	16	static
../Drivers/STM32F7xx_HAL_Driver/Src/stm32f7xx_hal_pcd.c:926:19:HAL_PCD_Start	8	static
../Drivers/STM32F7xx_HAL_Driver/Src/stm32f7xx_hal_pcd.c:941:19:HAL_PCD_Stop	8	static
../Drivers/STM32F7xx_HAL_Driver/Src/stm32f7xx_hal_pcd.c:1420:6:HAL_PCD_WKUP_IRQHandler	0	static
../Drivers/STM32F7xx_HAL_Driver/Src/stm32f7xx_hal_pcd.c:1446:13:HAL_PCD_DataOutStageCallback	0	static
../Drivers/STM32F7xx_HAL_Driver/Src/stm32f7xx_hal_pcd.c:1463:13:HAL_PCD_DataInStageCallback	0	static
../Drivers/STM32F7xx_HAL_Driver/Src/stm32f7xx_hal_pcd.c:1478:13:HAL_PCD_SetupStageCallback	0	static
../Drivers/STM32F7xx_HAL_Driver/Src/stm32f7xx_hal_pcd.c:1493:13:HAL_PCD_SOFCallback	0	static
../Drivers/STM32F7xx_HAL_Driver/Src/stm32f7xx_hal_pcd.c:1508:13:HAL_PCD_ResetCallback	0	static
../Drivers/STM32F7xx_HAL_Driver/Src/stm32f7xx_hal_pcd.c:1523:13:HAL_PCD_SuspendCallback	0	static
../Drivers/STM32F7xx_HAL_Driver/Src/stm32f7xx_hal_pcd.c:1538:13:HAL_PCD_ResumeCallback	0	static
../Drivers/STM32F7xx_HAL_Driver/Src/stm32f7xx_hal_pcd.c:1554:13:HAL_PCD_ISOOUTIncompleteCallback	0	static
../Drivers/STM32F7xx_HAL_Driver/Src/stm32f7xx_hal_pcd.c:1571:13:HAL_PCD_ISOINIncompleteCallback	0	static
../Drivers/STM32F7xx_HAL_Driver/Src/stm32f7xx_hal_pcd.c:1587:13:HAL_PCD_ConnectCallback	0	static
../Drivers/STM32F7xx_HAL_Driver/Src/stm32f7xx_hal_pcd.c:1602:13:HAL_PCD_DisconnectCallback	0	static
../Drivers/STM32F7xx_HAL_Driver/Src/stm32f7xx_hal_pcd.c:1636:19:HAL_PCD_DevConnect	8	static
../Drivers/STM32F7xx_HAL_Driver/Src/stm32f7xx_hal_pcd.c:1650:19:HAL_PCD_DevDisconnect	8	static
../Drivers/STM32F7xx_HAL_Driver/Src/stm32f7xx_hal_pcd.c:1665:19:HAL_PCD_SetAddress	8	static
../Drivers/STM32F7xx_HAL_Driver/Src/stm32f7xx_hal_pcd.c:1682:19:HAL_PCD_EP_Open	16	static
../Drivers/STM32F7xx_HAL_Driver/Src/stm32f7xx_hal_pcd.c:1727:19:HAL_PCD_EP_Close	8	static
../Drivers/STM32F7xx_HAL_Driver/Src/stm32f7xx_hal_pcd.c:1758:19:HAL_PCD_EP_Receive	16	static
../Drivers/STM32F7xx_HAL_Driver/Src/stm32f7xx_hal_pcd.c:1794:10:HAL_PCD_EP_GetRxCount	0	static
../Drivers/STM32F7xx_HAL_Driver/Src/stm32f7xx_hal_pcd.c:1806:19:HAL_PCD_EP_Transmit	16	static
../Drivers/STM32F7xx_HAL_Driver/Src/stm32f7xx_hal_pcd.c:1842:19:HAL_PCD_EP_SetStall	16	static
../Drivers/STM32F7xx_HAL_Driver/Src/stm32f7xx_hal_pcd.c:1885:19:HAL_PCD_EP_ClrStall	16	static
../Drivers/STM32F7xx_HAL_Driver/Src/stm32f7xx_hal_pcd.c:1921:19:HAL_PCD_EP_Abort	0	static
../Drivers/STM32F7xx_HAL_Driver/Src/stm32f7xx_hal_pcd.c:960:6:HAL_PCD_IRQHandler	72	static
../Drivers/STM32F7xx_HAL_Driver/Src/stm32f7xx_hal_pcd.c:1947:19:HAL_PCD_EP_Flush	8	static
../Drivers/STM32F7xx_HAL_Driver/Src/stm32f7xx_hal_pcd.c:1970:19:HAL_PCD_ActivateRemoteWakeup	0	static
../Drivers/STM32F7xx_HAL_Driver/Src/stm32f7xx_hal_pcd.c:1980:19:HAL_PCD_DeActivateRemoteWakeup	0	static
../Drivers/STM32F7xx_HAL_Driver/Src/stm32f7xx_hal_pcd.c:2009:18:HAL_PCD_GetState	0	static
../Drivers/STM32F7xx_HAL_Driver/Src/stm32f7xx_hal_pcd.c:2020:19:HAL_PCD_SetTestMode	0	static
