../Drivers/STM32F7xx_HAL_Driver/Src/stm32f7xx_hal_dma2d.c:2069:13:DMA2D_SetConfig	16	static
../Drivers/STM32F7xx_HAL_Driver/Src/stm32f7xx_hal_dma2d.c:406:13:HAL_DMA2D_MspInit	0	static
../Drivers/STM32F7xx_HAL_Driver/Src/stm32f7xx_hal_dma2d.c:238:19:HAL_DMA2D_Init	8	static
../Drivers/STM32F7xx_HAL_Driver/Src/stm32f7xx_hal_dma2d.c:422:13:HAL_DMA2D_MspDeInit	0	static
../Drivers/STM32F7xx_HAL_Driver/Src/stm32f7xx_hal_dma2d.c:678:19:HAL_DMA2D_Start	24	static
../Drivers/STM32F7xx_HAL_Driver/Src/stm32f7xx_hal_dma2d.c:714:19:HAL_DMA2D_Start_IT	24	static
../Drivers/STM32F7xx_HAL_Driver/Src/stm32f7xx_hal_dma2d.c:751:19:HAL_DMA2D_BlendingStart	24	static
../Drivers/STM32F7xx_HAL_Driver/Src/stm32f7xx_hal_dma2d.c:788:19:HAL_DMA2D_BlendingStart_IT	24	static
../Drivers/STM32F7xx_HAL_Driver/Src/stm32f7xx_hal_dma2d.c:822:19:HAL_DMA2D_Abort	16	static
../Drivers/STM32F7xx_HAL_Driver/Src/stm32f7xx_hal_dma2d.c:871:19:HAL_DMA2D_Suspend	16	static
../Drivers/STM32F7xx_HAL_Driver/Src/stm32f7xx_hal_dma2d.c:920:19:HAL_DMA2D_Resume	0	static
../Drivers/STM32F7xx_HAL_Driver/Src/stm32f7xx_hal_dma2d.c:948:19:HAL_DMA2D_EnableCLUT	0	static
../Drivers/STM32F7xx_HAL_Driver/Src/stm32f7xx_hal_dma2d.c:984:19:HAL_DMA2D_CLUTStartLoad	8	static
../Drivers/STM32F7xx_HAL_Driver/Src/stm32f7xx_hal_dma2d.c:1038:19:HAL_DMA2D_CLUTStartLoad_IT	8	static
../Drivers/STM32F7xx_HAL_Driver/Src/stm32f7xx_hal_dma2d.c:1102:19:HAL_DMA2D_CLUTLoad	32	static
../Drivers/STM32F7xx_HAL_Driver/Src/stm32f7xx_hal_dma2d.c:1159:19:HAL_DMA2D_CLUTLoad_IT	32	static
../Drivers/STM32F7xx_HAL_Driver/Src/stm32f7xx_hal_dma2d.c:1217:19:HAL_DMA2D_CLUTLoading_Abort	16	static
../Drivers/STM32F7xx_HAL_Driver/Src/stm32f7xx_hal_dma2d.c:316:19:HAL_DMA2D_DeInit	16	static
../Drivers/STM32F7xx_HAL_Driver/Src/stm32f7xx_hal_dma2d.c:1274:19:HAL_DMA2D_CLUTLoading_Suspend	16	static
../Drivers/STM32F7xx_HAL_Driver/Src/stm32f7xx_hal_dma2d.c:1339:19:HAL_DMA2D_CLUTLoading_Resume	0	static
../Drivers/STM32F7xx_HAL_Driver/Src/stm32f7xx_hal_dma2d.c:1382:19:HAL_DMA2D_PollForTransfer	24	static
../Drivers/STM32F7xx_HAL_Driver/Src/stm32f7xx_hal_dma2d.c:1680:13:HAL_DMA2D_LineEventCallback	0	static
../Drivers/STM32F7xx_HAL_Driver/Src/stm32f7xx_hal_dma2d.c:1696:13:HAL_DMA2D_CLUTLoadingCpltCallback	0	static
../Drivers/STM32F7xx_HAL_Driver/Src/stm32f7xx_hal_dma2d.c:1510:6:HAL_DMA2D_IRQHandler	16	static
../Drivers/STM32F7xx_HAL_Driver/Src/stm32f7xx_hal_dma2d.c:1739:19:HAL_DMA2D_ConfigLayer	20	static
../Drivers/STM32F7xx_HAL_Driver/Src/stm32f7xx_hal_dma2d.c:1846:19:HAL_DMA2D_ConfigCLUT	32	static
../Drivers/STM32F7xx_HAL_Driver/Src/stm32f7xx_hal_dma2d.c:1900:19:HAL_DMA2D_ProgramLineEvent	0	static
../Drivers/STM32F7xx_HAL_Driver/Src/stm32f7xx_hal_dma2d.c:1936:19:HAL_DMA2D_EnableDeadTime	0	static
../Drivers/STM32F7xx_HAL_Driver/Src/stm32f7xx_hal_dma2d.c:1959:19:HAL_DMA2D_DisableDeadTime	0	static
../Drivers/STM32F7xx_HAL_Driver/Src/stm32f7xx_hal_dma2d.c:1985:19:HAL_DMA2D_ConfigDeadTime	0	static
../Drivers/STM32F7xx_HAL_Driver/Src/stm32f7xx_hal_dma2d.c:2030:24:HAL_DMA2D_GetState	0	static
../Drivers/STM32F7xx_HAL_Driver/Src/stm32f7xx_hal_dma2d.c:2041:10:HAL_DMA2D_GetError	0	static
